<html lang="en">
<head><title>plain.md</title></head>
<body>
filename: plain.md
filename.name: plain
filename.extension: .md

</body>
</html>