<html lang="en">
<head><title>None</title></head>
<body>
<p><a href="https://example.com/plain">Link to another Markdown file</a></p>
<p><a href="https://example.com/plain">Link to another Markdown file</a></p>

</body>
</html>