<!DOCTYPE html>
<html lang="en">
<head>
    <meta charset="UTF-8">
    <title>jinja-file.html</title>
</head>
<body>
file: jinja-file.html
file.name: jinja-file
file.extension: html

</body>
</html>