<html lang="en">
<head><title>plain.md</title></head>
<body>
file: plain.md
file.name: plain
file.extension: md

</body>
</html>