<html lang="en">
<head><title>None</title></head>
<body>
<ul id="table-of-content">
<li><a href="#this-is-a-test">This is a test</a>
<ul>
<li><a href="#second-heading">Second heading</a>
<ul>
<li><a href="#third-heading">Third heading</a></li>
</ul>
</li>
</ul>
</li>
</ul>

</body>
</html>