<?xml version='1.0' encoding='UTF-8'?>
<rss xmlns:atom="http://www.w3.org/2005/Atom" xmlns:content="http://purl.org/rss/1.0/modules/content/" version="2.0">
  <channel>
    <title>Tests</title>
    <link>https://example.com/posts</link>
    <description>Tests | posts</description>
    <docs>http://www.rssboard.org/rss-specification</docs>
    <generator>python-feedgen</generator>
    <lastBuildDate>Mon, 20 Apr 2020 16:20:00 -0700</lastBuildDate>
    <item>
      <title>posts/post-1.html</title>
      <link>https://example.com/posts/post-1.html</link>
      <guid isPermaLink="false">https://example.com/posts/post-1.html</guid>
      <pubDate>Mon, 20 Apr 2020 16:20:00 -0700</pubDate>
    </item>
  </channel>
</rss>
