<?xml version='1.0' encoding='UTF-8'?>
<feed xmlns="http://www.w3.org/2005/Atom">
  <id>https://example.org/symbols/</id>
  <title>Tests</title>
  <updated>2020-04-20T16:20:00-07:00</updated>
  <link href="https://example.org/symbols/" rel="alternate"/>
  <generator uri="http://lkiesow.github.io/python-feedgen" version="0.8.0">python-feedgen</generator>
  <subtitle>Test site</subtitle>
  <entry>
    <id>z</id>
    <title>Z</title>
    <updated>2020-04-20T16:20:00-07:00</updated>
    <link href="https://example.org/symbols/z" rel="alternate"/>
    <summary>z</summary>
    <published>2020-04-20T16:20:00-07:00</published>
  </entry>
  <entry>
    <id>y</id>
    <title>Y</title>
    <updated>2020-04-20T16:20:00-07:00</updated>
    <link href="https://example.org/symbols/y" rel="alternate"/>
    <summary>y</summary>
    <published>2020-04-20T16:20:00-07:00</published>
  </entry>
  <entry>
    <id>x</id>
    <title>X</title>
    <updated>2020-04-20T16:20:00-07:00</updated>
    <link href="https://example.org/symbols/x" rel="alternate"/>
    <summary>x</summary>
    <published>2020-04-20T16:20:00-07:00</published>
  </entry>
  <entry>
    <id>w</id>
    <title>W</title>
    <updated>2020-04-20T16:20:00-07:00</updated>
    <link href="https://example.org/symbols/w" rel="alternate"/>
    <summary>w</summary>
    <published>2020-04-20T16:20:00-07:00</published>
  </entry>
  <entry>
    <id>u</id>
    <title>U</title>
    <updated>2020-04-20T16:20:00-07:00</updated>
    <link href="https://example.org/symbols/u" rel="alternate"/>
    <summary>u</summary>
    <published>2020-04-20T16:20:00-07:00</published>
  </entry>
  <entry>
    <id>v</id>
    <title>V</title>
    <updated>2020-04-20T16:20:00-07:00</updated>
    <link href="https://example.org/symbols/v" rel="alternate"/>
    <summary>v</summary>
    <published>2020-04-20T16:20:00-07:00</published>
  </entry>
  <entry>
    <id>t</id>
    <title>T</title>
    <updated>2020-04-20T16:20:00-07:00</updated>
    <link href="https://example.org/symbols/t" rel="alternate"/>
    <summary>t</summary>
    <published>2020-04-20T16:20:00-07:00</published>
  </entry>
  <entry>
    <id>s</id>
    <title>S</title>
    <updated>2020-04-20T16:20:00-07:00</updated>
    <link href="https://example.org/symbols/s" rel="alternate"/>
    <summary>s</summary>
    <published>2020-04-20T16:20:00-07:00</published>
  </entry>
  <entry>
    <id>r</id>
    <title>R</title>
    <updated>2020-04-20T16:20:00-07:00</updated>
    <link href="https://example.org/symbols/r" rel="alternate"/>
    <summary>r</summary>
    <published>2020-04-20T16:20:00-07:00</published>
  </entry>
  <entry>
    <id>q</id>
    <title>Q</title>
    <updated>2020-04-20T16:20:00-07:00</updated>
    <link href="https://example.org/symbols/q" rel="alternate"/>
    <summary>q</summary>
    <published>2020-04-20T16:20:00-07:00</published>
  </entry>
  <entry>
    <id>p</id>
    <title>P</title>
    <updated>2020-04-20T16:20:00-07:00</updated>
    <link href="https://example.org/symbols/p" rel="alternate"/>
    <summary>p</summary>
    <published>2020-04-20T16:20:00-07:00</published>
  </entry>
  <entry>
    <id>o</id>
    <title>O</title>
    <updated>2020-04-20T16:20:00-07:00</updated>
    <link href="https://example.org/symbols/o" rel="alternate"/>
    <summary>o</summary>
    <published>2020-04-20T16:20:00-07:00</published>
  </entry>
  <entry>
    <id>n</id>
    <title>N</title>
    <updated>2020-04-20T16:20:00-07:00</updated>
    <link href="https://example.org/symbols/n" rel="alternate"/>
    <summary>n</summary>
    <published>2020-04-20T16:20:00-07:00</published>
  </entry>
  <entry>
    <id>m</id>
    <title>M</title>
    <updated>2020-04-20T16:20:00-07:00</updated>
    <link href="https://example.org/symbols/m" rel="alternate"/>
    <summary>m</summary>
    <published>2020-04-20T16:20:00-07:00</published>
  </entry>
  <entry>
    <id>l</id>
    <title>L</title>
    <updated>2020-04-20T16:20:00-07:00</updated>
    <link href="https://example.org/symbols/l" rel="alternate"/>
    <summary>l</summary>
    <published>2020-04-20T16:20:00-07:00</published>
  </entry>
  <entry>
    <id>k</id>
    <title>K</title>
    <updated>2020-04-20T16:20:00-07:00</updated>
    <link href="https://example.org/symbols/k" rel="alternate"/>
    <summary>k</summary>
    <published>2020-04-20T16:20:00-07:00</published>
  </entry>
  <entry>
    <id>j</id>
    <title>J</title>
    <updated>2020-04-20T16:20:00-07:00</updated>
    <link href="https://example.org/symbols/j" rel="alternate"/>
    <summary>j</summary>
    <published>2020-04-20T16:20:00-07:00</published>
  </entry>
  <entry>
    <id>i</id>
    <title>I</title>
    <updated>2020-04-20T16:20:00-07:00</updated>
    <link href="https://example.org/symbols/i" rel="alternate"/>
    <summary>i</summary>
    <published>2020-04-20T16:20:00-07:00</published>
  </entry>
  <entry>
    <id>h</id>
    <title>H</title>
    <updated>2020-04-20T16:20:00-07:00</updated>
    <link href="https://example.org/symbols/h" rel="alternate"/>
    <summary>h</summary>
    <published>2020-04-20T16:20:00-07:00</published>
  </entry>
  <entry>
    <id>g</id>
    <title>G</title>
    <updated>2020-04-20T16:20:00-07:00</updated>
    <link href="https://example.org/symbols/g" rel="alternate"/>
    <summary>g</summary>
    <published>2020-04-20T16:20:00-07:00</published>
  </entry>
  <entry>
    <id>f</id>
    <title>F</title>
    <updated>2020-04-20T16:20:00-07:00</updated>
    <link href="https://example.org/symbols/f" rel="alternate"/>
    <summary>f</summary>
    <published>2020-04-20T16:20:00-07:00</published>
  </entry>
  <entry>
    <id>e</id>
    <title>E</title>
    <updated>2020-04-20T16:20:00-07:00</updated>
    <link href="https://example.org/symbols/e" rel="alternate"/>
    <summary>e</summary>
    <published>2020-04-20T16:20:00-07:00</published>
  </entry>
  <entry>
    <id>d</id>
    <title>D</title>
    <updated>2020-04-20T16:20:00-07:00</updated>
    <link href="https://example.org/symbols/d" rel="alternate"/>
    <summary>d</summary>
    <published>2020-04-20T16:20:00-07:00</published>
  </entry>
  <entry>
    <id>c</id>
    <title>C</title>
    <updated>2020-04-20T16:20:00-07:00</updated>
    <link href="https://example.org/symbols/c" rel="alternate"/>
    <summary>c</summary>
    <published>2020-04-20T16:20:00-07:00</published>
  </entry>
  <entry>
    <id>b</id>
    <title>B</title>
    <updated>2020-04-20T16:20:00-07:00</updated>
    <link href="https://example.org/symbols/b" rel="alternate"/>
    <summary>b</summary>
    <published>2020-04-20T16:20:00-07:00</published>
  </entry>
  <entry>
    <id>a</id>
    <title>A</title>
    <updated>2020-04-20T16:20:00-07:00</updated>
    <link href="https://example.org/symbols/a" rel="alternate"/>
    <summary>a</summary>
    <published>2020-04-20T16:20:00-07:00</published>
  </entry>
</feed>
