<!DOCTYPE html>
<html lang="en">
<head>
    <meta charset="UTF-8">
    <title>file.html</title>
</head>
<body>
filename: file.html
filename.name: file
filename.extension: html

</body>
</html>