<!DOCTYPE html>
<html lang="en">
<head>
    <meta charset="UTF-8">
    <title>Lazy</title>
</head>
<body>
Hello there! lazy.html
</body>
</html>