<!DOCTYPE html>
<html lang="en">
<head>
    <meta charset="UTF-8">
    <title>Title</title>
</head>
<body>
<a href="http://example.org/subsite/test/url">one</a>
<a href="http://example.org/subsite/test/url">two</a>
</body>
</html>