<!DOCTYPE html>
<html lang="en">
<head>
    <meta charset="UTF-8">
    <title>Subsite</title>
</head>
<body>
<h1 id="hello-markdown">Hello Markdown!</h1>
</body>
</html>