<!DOCTYPE html>
<html lang="en">
<head>
    <meta charset="UTF-8">
    <title>Subsite</title>
</head>
<body>
Hello World!
</body>
</html>